ssd1306.c:49:6:set_oled_addr	16	static
ssd1306.c:52:9:SSD1306_Init	16	static
ssd1306.c:115:6:SSD1306_UpdateScreen	16	static
ssd1306.c:128:6:SSD1306_ToggleInvert	16	static
ssd1306.c:140:6:SSD1306_Fill	16	static
ssd1306.c:145:6:SSD1306_DrawPixel	16	static
ssd1306.c:167:6:SSD1306_GotoXY	16	static
ssd1306.c:173:6:SSD1306_Putc	32	static
ssd1306.c:204:6:SSD1306_Putint	48	dynamic
ssd1306.c:262:7:double_str	112	dynamic
ssd1306.c:306:6:SSD1306_Putdouble	32	static
ssd1306.c:351:9:size_int	32	static
ssd1306.c:362:6:SSD1306_Puts	24	static
ssd1306.c:379:6:SSD1306_DrawLine	40	static
ssd1306.c:463:6:SSD1306_DrawRectangle	32	static
ssd1306.c:488:6:SSD1306_DrawFilledRectangle	40	static
ssd1306.c:515:6:SSD1306_DrawTriangle	32	static
ssd1306.c:523:6:SSD1306_DrawFilledTriangle	64	static
ssd1306.c:579:6:SSD1306_DrawCircle	40	static
ssd1306.c:613:6:SSD1306_DrawFilledCircle	48	static
ssd1306.c:644:6:SSD1306_ON	8	static
ssd1306.c:649:6:SSD1306_OFF	8	static
ssd1306.c:665:6:ssd1306_sel_I2C	16	static
ssd1306.c:681:6:ssd1306_I2C_WriteMulti	48	dynamic
ssd1306.c:691:6:ssd1306_I2C_Write	32	static
